// Vitest Snapshot v1, https://vitest.dev/guide/snapshot.html

exports[`ColorSchemeToggle > should render 1`] = `<ColorSchemeToggle />`;
